Copyright 1986-2017 Xilinx, Inc. All Rights Reserved.
------------------------------------------------------------------------------------------------------------------------------
| Tool Version : Vivado v.2017.4 (win64) Build 2086221 Fri Dec 15 20:55:39 MST 2017
| Date         : Mon Sep 14 16:26:22 2026
| Host         : lvlv_ running 64-bit major release  (build 9200)
| Command      : report_timing -max_paths 10 -sort_by slack -file D:/mywork/fpga-udp-daq/vivado/reports/timing_paths_impl.rpt
| Design       : daq_top
| Device       : 7a100t-csg324
| Speed File   : -1  PRODUCTION 1.20 2017-11-01
------------------------------------------------------------------------------------------------------------------------------

Timing Report

Slack (MET) :             4.893ns  (required time - arrival time)
  Source:                 packetizer_i/packet_length_reg[6]/C
                            (rising edge-triggered cell FDRE clocked by sys_clk  {rise@0.000ns fall@5.000ns period=10.000ns})
  Destination:            packetizer_i/payload_last_reg/D
                            (rising edge-triggered cell FDRE clocked by sys_clk  {rise@0.000ns fall@5.000ns period=10.000ns})
  Path Group:             sys_clk
  Path Type:              Setup (Max at Slow Process Corner)
  Requirement:            10.000ns  (sys_clk rise@10.000ns - sys_clk rise@0.000ns)
  Data Path Delay:        5.077ns  (logic 2.805ns (55.253%)  route 2.272ns (44.747%))
  Logic Levels:           7  (CARRY4=4 LUT1=1 LUT4=1 LUT6=1)
  Clock Path Skew:        -0.026ns (DCD - SCD + CPR)
    Destination Clock Delay (DCD):    4.433ns = ( 14.433 - 10.000 ) 
    Source Clock Delay      (SCD):    4.799ns
    Clock Pessimism Removal (CPR):    0.339ns
  Clock Uncertainty:      0.035ns  ((TSJ^2 + TIJ^2)^1/2 + DJ) / 2 + PE
    Total System Jitter     (TSJ):    0.071ns
    Total Input Jitter      (TIJ):    0.000ns
    Discrete Jitter          (DJ):    0.000ns
    Phase Error              (PE):    0.000ns

    Location             Delay type                Incr(ns)  Path(ns)    Netlist Resource(s)
  -------------------------------------------------------------------    -------------------
                         (clock sys_clk rise edge)    0.000     0.000 r  
    E15                                               0.000     0.000 r  clk (IN)
                         net (fo=0)                   0.000     0.000    clk
    E15                  IBUF (Prop_ibuf_I_O)         0.965     0.965 r  clk_IBUF_inst/O
                         net (fo=1, routed)           2.016     2.980    clk_IBUF
    BUFGCTRL_X0Y16       BUFG (Prop_bufg_I_O)         0.096     3.076 r  clk_IBUF_BUFG_inst/O
                         net (fo=370, routed)         1.722     4.799    packetizer_i/CLK
    SLICE_X4Y60          FDRE                                         r  packetizer_i/packet_length_reg[6]/C
  -------------------------------------------------------------------    -------------------
    SLICE_X4Y60          FDRE (Prop_fdre_C_Q)         0.419     5.218 f  packetizer_i/packet_length_reg[6]/Q
                         net (fo=2, routed)           0.972     6.189    packetizer_i/packet_length[6]
    SLICE_X4Y57          LUT1 (Prop_lut1_I0_O)        0.299     6.488 r  packetizer_i/payload_last1_carry__0_i_3/O
                         net (fo=1, routed)           0.000     6.488    packetizer_i/payload_last1_carry__0_i_3_n_0
    SLICE_X4Y57          CARRY4 (Prop_carry4_S[1]_CO[3])
                                                      0.550     7.038 r  packetizer_i/payload_last1_carry__0/CO[3]
                         net (fo=1, routed)           0.000     7.038    packetizer_i/payload_last1_carry__0_n_0
    SLICE_X4Y58          CARRY4 (Prop_carry4_CI_CO[3])
                                                      0.114     7.152 r  packetizer_i/payload_last1_carry__1/CO[3]
                         net (fo=1, routed)           0.000     7.152    packetizer_i/payload_last1_carry__1_n_0
    SLICE_X4Y59          CARRY4 (Prop_carry4_CI_O[1])
                                                      0.334     7.486 r  packetizer_i/payload_last1_carry__2/O[1]
                         net (fo=1, routed)           0.814     8.301    packetizer_i/payload_last1[14]
    SLICE_X5Y60          LUT6 (Prop_lut6_I2_O)        0.303     8.604 r  packetizer_i/payload_last0_carry__0_i_2/O
                         net (fo=1, routed)           0.000     8.604    packetizer_i/payload_last0_carry__0_i_2_n_0
    SLICE_X5Y60          CARRY4 (Prop_carry4_S[0]_CO[1])
                                                      0.457     9.061 r  packetizer_i/payload_last0_carry__0/CO[1]
                         net (fo=1, routed)           0.485     9.546    packetizer_i/payload_last0_carry__0_n_2
    SLICE_X5Y61          LUT4 (Prop_lut4_I0_O)        0.329     9.875 r  packetizer_i/payload_last_i_1/O
                         net (fo=1, routed)           0.000     9.875    packetizer_i/payload_last_i_1_n_0
    SLICE_X5Y61          FDRE                                         r  packetizer_i/payload_last_reg/D
  -------------------------------------------------------------------    -------------------

                         (clock sys_clk rise edge)   10.000    10.000 r  
    E15                                               0.000    10.000 r  clk (IN)
                         net (fo=0)                   0.000    10.000    clk
    E15                  IBUF (Prop_ibuf_I_O)         0.831    10.831 r  clk_IBUF_inst/O
                         net (fo=1, routed)           1.911    12.742    clk_IBUF
    BUFGCTRL_X0Y16       BUFG (Prop_bufg_I_O)         0.091    12.833 r  clk_IBUF_BUFG_inst/O
                         net (fo=370, routed)         1.600    14.433    packetizer_i/CLK
    SLICE_X5Y61          FDRE                                         r  packetizer_i/payload_last_reg/C
                         clock pessimism              0.339    14.773    
                         clock uncertainty           -0.035    14.737    
    SLICE_X5Y61          FDRE (Setup_fdre_C_D)        0.031    14.768    packetizer_i/payload_last_reg
  -------------------------------------------------------------------
                         required time                         14.768    
                         arrival time                          -9.875    
  -------------------------------------------------------------------
                         slack                                  4.893    

Slack (MET) :             5.053ns  (required time - arrival time)
  Source:                 fifo_i/count_reg[4]/C
                            (rising edge-triggered cell FDRE clocked by sys_clk  {rise@0.000ns fall@5.000ns period=10.000ns})
  Destination:            packetizer_i/checksum_accum_reg[14]/CE
                            (rising edge-triggered cell FDRE clocked by sys_clk  {rise@0.000ns fall@5.000ns period=10.000ns})
  Path Group:             sys_clk
  Path Type:              Setup (Max at Slow Process Corner)
  Requirement:            10.000ns  (sys_clk rise@10.000ns - sys_clk rise@0.000ns)
  Data Path Delay:        4.617ns  (logic 0.828ns (17.933%)  route 3.789ns (82.067%))
  Logic Levels:           3  (LUT6=3)
  Clock Path Skew:        -0.126ns (DCD - SCD + CPR)
    Destination Clock Delay (DCD):    4.353ns = ( 14.353 - 10.000 ) 
    Source Clock Delay      (SCD):    4.802ns
    Clock Pessimism Removal (CPR):    0.322ns
  Clock Uncertainty:      0.035ns  ((TSJ^2 + TIJ^2)^1/2 + DJ) / 2 + PE
    Total System Jitter     (TSJ):    0.071ns
    Total Input Jitter      (TIJ):    0.000ns
    Discrete Jitter          (DJ):    0.000ns
    Phase Error              (PE):    0.000ns

    Location             Delay type                Incr(ns)  Path(ns)    Netlist Resource(s)
  -------------------------------------------------------------------    -------------------
                         (clock sys_clk rise edge)    0.000     0.000 r  
    E15                                               0.000     0.000 r  clk (IN)
                         net (fo=0)                   0.000     0.000    clk
    E15                  IBUF (Prop_ibuf_I_O)         0.965     0.965 r  clk_IBUF_inst/O
                         net (fo=1, routed)           2.016     2.980    clk_IBUF
    BUFGCTRL_X0Y16       BUFG (Prop_bufg_I_O)         0.096     3.076 r  clk_IBUF_BUFG_inst/O
                         net (fo=370, routed)         1.725     4.802    fifo_i/CLK
    SLICE_X0Y55          FDRE                                         r  fifo_i/count_reg[4]/C
  -------------------------------------------------------------------    -------------------
    SLICE_X0Y55          FDRE (Prop_fdre_C_Q)         0.456     5.258 r  fifo_i/count_reg[4]/Q
                         net (fo=12, routed)          1.094     6.351    fifo_i/Q[4]
    SLICE_X1Y56          LUT6 (Prop_lut6_I0_O)        0.124     6.475 r  fifo_i/dout[15]_i_3/O
                         net (fo=6, routed)           0.720     7.195    ctrl_i/count_reg[4]
    SLICE_X3Y60          LUT6 (Prop_lut6_I4_O)        0.124     7.319 r  ctrl_i/sample_index[15]_i_4/O
                         net (fo=3, routed)           0.863     8.182    ctrl_i/sample_index[15]_i_4_n_0
    SLICE_X5Y56          LUT6 (Prop_lut6_I1_O)        0.124     8.306 r  ctrl_i/sample_index[15]_i_1/O
                         net (fo=33, routed)          1.113     9.419    packetizer_i/E[0]
    SLICE_X12Y62         FDRE                                         r  packetizer_i/checksum_accum_reg[14]/CE
  -------------------------------------------------------------------    -------------------

                         (clock sys_clk rise edge)   10.000    10.000 r  
    E15                                               0.000    10.000 r  clk (IN)
                         net (fo=0)                   0.000    10.000    clk
    E15                  IBUF (Prop_ibuf_I_O)         0.831    10.831 r  clk_IBUF_inst/O
                         net (fo=1, routed)           1.911    12.742    clk_IBUF
    BUFGCTRL_X0Y16       BUFG (Prop_bufg_I_O)         0.091    12.833 r  clk_IBUF_BUFG_inst/O
                         net (fo=370, routed)         1.520    14.353    packetizer_i/CLK
    SLICE_X12Y62         FDRE                                         r  packetizer_i/checksum_accum_reg[14]/C
                         clock pessimism              0.322    14.676    
                         clock uncertainty           -0.035    14.640    
    SLICE_X12Y62         FDRE (Setup_fdre_C_CE)      -0.169    14.471    packetizer_i/checksum_accum_reg[14]
  -------------------------------------------------------------------
                         required time                         14.471    
                         arrival time                          -9.419    
  -------------------------------------------------------------------
                         slack                                  5.053    

Slack (MET) :             5.053ns  (required time - arrival time)
  Source:                 fifo_i/count_reg[4]/C
                            (rising edge-triggered cell FDRE clocked by sys_clk  {rise@0.000ns fall@5.000ns period=10.000ns})
  Destination:            packetizer_i/checksum_accum_reg[15]/CE
                            (rising edge-triggered cell FDRE clocked by sys_clk  {rise@0.000ns fall@5.000ns period=10.000ns})
  Path Group:             sys_clk
  Path Type:              Setup (Max at Slow Process Corner)
  Requirement:            10.000ns  (sys_clk rise@10.000ns - sys_clk rise@0.000ns)
  Data Path Delay:        4.617ns  (logic 0.828ns (17.933%)  route 3.789ns (82.067%))
  Logic Levels:           3  (LUT6=3)
  Clock Path Skew:        -0.126ns (DCD - SCD + CPR)
    Destination Clock Delay (DCD):    4.353ns = ( 14.353 - 10.000 ) 
    Source Clock Delay      (SCD):    4.802ns
    Clock Pessimism Removal (CPR):    0.322ns
  Clock Uncertainty:      0.035ns  ((TSJ^2 + TIJ^2)^1/2 + DJ) / 2 + PE
    Total System Jitter     (TSJ):    0.071ns
    Total Input Jitter      (TIJ):    0.000ns
    Discrete Jitter          (DJ):    0.000ns
    Phase Error              (PE):    0.000ns

    Location             Delay type                Incr(ns)  Path(ns)    Netlist Resource(s)
  -------------------------------------------------------------------    -------------------
                         (clock sys_clk rise edge)    0.000     0.000 r  
    E15                                               0.000     0.000 r  clk (IN)
                         net (fo=0)                   0.000     0.000    clk
    E15                  IBUF (Prop_ibuf_I_O)         0.965     0.965 r  clk_IBUF_inst/O
                         net (fo=1, routed)           2.016     2.980    clk_IBUF
    BUFGCTRL_X0Y16       BUFG (Prop_bufg_I_O)         0.096     3.076 r  clk_IBUF_BUFG_inst/O
                         net (fo=370, routed)         1.725     4.802    fifo_i/CLK
    SLICE_X0Y55          FDRE                                         r  fifo_i/count_reg[4]/C
  -------------------------------------------------------------------    -------------------
    SLICE_X0Y55          FDRE (Prop_fdre_C_Q)         0.456     5.258 r  fifo_i/count_reg[4]/Q
                         net (fo=12, routed)          1.094     6.351    fifo_i/Q[4]
    SLICE_X1Y56          LUT6 (Prop_lut6_I0_O)        0.124     6.475 r  fifo_i/dout[15]_i_3/O
                         net (fo=6, routed)           0.720     7.195    ctrl_i/count_reg[4]
    SLICE_X3Y60          LUT6 (Prop_lut6_I4_O)        0.124     7.319 r  ctrl_i/sample_index[15]_i_4/O
                         net (fo=3, routed)           0.863     8.182    ctrl_i/sample_index[15]_i_4_n_0
    SLICE_X5Y56          LUT6 (Prop_lut6_I1_O)        0.124     8.306 r  ctrl_i/sample_index[15]_i_1/O
                         net (fo=33, routed)          1.113     9.419    packetizer_i/E[0]
    SLICE_X12Y62         FDRE                                         r  packetizer_i/checksum_accum_reg[15]/CE
  -------------------------------------------------------------------    -------------------

                         (clock sys_clk rise edge)   10.000    10.000 r  
    E15                                               0.000    10.000 r  clk (IN)
                         net (fo=0)                   0.000    10.000    clk
    E15                  IBUF (Prop_ibuf_I_O)         0.831    10.831 r  clk_IBUF_inst/O
                         net (fo=1, routed)           1.911    12.742    clk_IBUF
    BUFGCTRL_X0Y16       BUFG (Prop_bufg_I_O)         0.091    12.833 r  clk_IBUF_BUFG_inst/O
                         net (fo=370, routed)         1.520    14.353    packetizer_i/CLK
    SLICE_X12Y62         FDRE                                         r  packetizer_i/checksum_accum_reg[15]/C
                         clock pessimism              0.322    14.676    
                         clock uncertainty           -0.035    14.640    
    SLICE_X12Y62         FDRE (Setup_fdre_C_CE)      -0.169    14.471    packetizer_i/checksum_accum_reg[15]
  -------------------------------------------------------------------
                         required time                         14.471    
                         arrival time                          -9.419    
  -------------------------------------------------------------------
                         slack                                  5.053    

Slack (MET) :             5.131ns  (required time - arrival time)
  Source:                 sample_generator_i/sample_valid_reg/C
                            (rising edge-triggered cell FDRE clocked by sys_clk  {rise@0.000ns fall@5.000ns period=10.000ns})
  Destination:            fifo_i/mem_reg_0_15_0_5/RAMA/WE
                            (rising edge-triggered cell RAMD32 clocked by sys_clk  {rise@0.000ns fall@5.000ns period=10.000ns})
  Path Group:             sys_clk
  Path Type:              Setup (Max at Slow Process Corner)
  Requirement:            10.000ns  (sys_clk rise@10.000ns - sys_clk rise@0.000ns)
  Data Path Delay:        4.276ns  (logic 0.704ns (16.463%)  route 3.572ns (83.537%))
  Logic Levels:           2  (LUT2=1 LUT6=1)
  Clock Path Skew:        -0.024ns (DCD - SCD + CPR)
    Destination Clock Delay (DCD):    4.432ns = ( 14.432 - 10.000 ) 
    Source Clock Delay      (SCD):    4.796ns
    Clock Pessimism Removal (CPR):    0.339ns
  Clock Uncertainty:      0.035ns  ((TSJ^2 + TIJ^2)^1/2 + DJ) / 2 + PE
    Total System Jitter     (TSJ):    0.071ns
    Total Input Jitter      (TIJ):    0.000ns
    Discrete Jitter          (DJ):    0.000ns
    Phase Error              (PE):    0.000ns

    Location             Delay type                Incr(ns)  Path(ns)    Netlist Resource(s)
  -------------------------------------------------------------------    -------------------
                         (clock sys_clk rise edge)    0.000     0.000 r  
    E15                                               0.000     0.000 r  clk (IN)
                         net (fo=0)                   0.000     0.000    clk
    E15                  IBUF (Prop_ibuf_I_O)         0.965     0.965 r  clk_IBUF_inst/O
                         net (fo=1, routed)           2.016     2.980    clk_IBUF
    BUFGCTRL_X0Y16       BUFG (Prop_bufg_I_O)         0.096     3.076 r  clk_IBUF_BUFG_inst/O
                         net (fo=370, routed)         1.719     4.796    sample_generator_i/CLK
    SLICE_X5Y64          FDRE                                         r  sample_generator_i/sample_valid_reg/C
  -------------------------------------------------------------------    -------------------
    SLICE_X5Y64          FDRE (Prop_fdre_C_Q)         0.456     5.252 r  sample_generator_i/sample_valid_reg/Q
                         net (fo=26, routed)          1.426     6.678    fifo_i/sample_valid_OBUF
    SLICE_X1Y55          LUT6 (Prop_lut6_I5_O)        0.124     6.802 r  fifo_i/wr_ptr[3]_i_1/O
                         net (fo=55, routed)          1.522     8.323    fifo_i/p_0_in[0]
    SLICE_X5Y64          LUT2 (Prop_lut2_I0_O)        0.124     8.447 r  fifo_i/mem_reg_0_15_0_5_i_1/O
                         net (fo=24, routed)          0.624     9.072    fifo_i/mem_reg_0_15_0_5/WE
    SLICE_X6Y62          RAMD32                                       r  fifo_i/mem_reg_0_15_0_5/RAMA/WE
  -------------------------------------------------------------------    -------------------

                         (clock sys_clk rise edge)   10.000    10.000 r  
    E15                                               0.000    10.000 r  clk (IN)
                         net (fo=0)                   0.000    10.000    clk
    E15                  IBUF (Prop_ibuf_I_O)         0.831    10.831 r  clk_IBUF_inst/O
                         net (fo=1, routed)           1.911    12.742    clk_IBUF
    BUFGCTRL_X0Y16       BUFG (Prop_bufg_I_O)         0.091    12.833 r  clk_IBUF_BUFG_inst/O
                         net (fo=370, routed)         1.599    14.432    fifo_i/mem_reg_0_15_0_5/WCLK
    SLICE_X6Y62          RAMD32                                       r  fifo_i/mem_reg_0_15_0_5/RAMA/CLK
                         clock pessimism              0.339    14.772    
                         clock uncertainty           -0.035    14.736    
    SLICE_X6Y62          RAMD32 (Setup_ramd32_CLK_WE)
                                                     -0.533    14.203    fifo_i/mem_reg_0_15_0_5/RAMA
  -------------------------------------------------------------------
                         required time                         14.203    
                         arrival time                          -9.072    
  -------------------------------------------------------------------
                         slack                                  5.131    

Slack (MET) :             5.131ns  (required time - arrival time)
  Source:                 sample_generator_i/sample_valid_reg/C
                            (rising edge-triggered cell FDRE clocked by sys_clk  {rise@0.000ns fall@5.000ns period=10.000ns})
  Destination:            fifo_i/mem_reg_0_15_0_5/RAMA_D1/WE
                            (rising edge-triggered cell RAMD32 clocked by sys_clk  {rise@0.000ns fall@5.000ns period=10.000ns})
  Path Group:             sys_clk
  Path Type:              Setup (Max at Slow Process Corner)
  Requirement:            10.000ns  (sys_clk rise@10.000ns - sys_clk rise@0.000ns)
  Data Path Delay:        4.276ns  (logic 0.704ns (16.463%)  route 3.572ns (83.537%))
  Logic Levels:           2  (LUT2=1 LUT6=1)
  Clock Path Skew:        -0.024ns (DCD - SCD + CPR)
    Destination Clock Delay (DCD):    4.432ns = ( 14.432 - 10.000 ) 
    Source Clock Delay      (SCD):    4.796ns
    Clock Pessimism Removal (CPR):    0.339ns
  Clock Uncertainty:      0.035ns  ((TSJ^2 + TIJ^2)^1/2 + DJ) / 2 + PE
    Total System Jitter     (TSJ):    0.071ns
    Total Input Jitter      (TIJ):    0.000ns
    Discrete Jitter          (DJ):    0.000ns
    Phase Error              (PE):    0.000ns

    Location             Delay type                Incr(ns)  Path(ns)    Netlist Resource(s)
  -------------------------------------------------------------------    -------------------
                         (clock sys_clk rise edge)    0.000     0.000 r  
    E15                                               0.000     0.000 r  clk (IN)
                         net (fo=0)                   0.000     0.000    clk
    E15                  IBUF (Prop_ibuf_I_O)         0.965     0.965 r  clk_IBUF_inst/O
                         net (fo=1, routed)           2.016     2.980    clk_IBUF
    BUFGCTRL_X0Y16       BUFG (Prop_bufg_I_O)         0.096     3.076 r  clk_IBUF_BUFG_inst/O
                         net (fo=370, routed)         1.719     4.796    sample_generator_i/CLK
    SLICE_X5Y64          FDRE                                         r  sample_generator_i/sample_valid_reg/C
  -------------------------------------------------------------------    -------------------
    SLICE_X5Y64          FDRE (Prop_fdre_C_Q)         0.456     5.252 r  sample_generator_i/sample_valid_reg/Q
                         net (fo=26, routed)          1.426     6.678    fifo_i/sample_valid_OBUF
    SLICE_X1Y55          LUT6 (Prop_lut6_I5_O)        0.124     6.802 r  fifo_i/wr_ptr[3]_i_1/O
                         net (fo=55, routed)          1.522     8.323    fifo_i/p_0_in[0]
    SLICE_X5Y64          LUT2 (Prop_lut2_I0_O)        0.124     8.447 r  fifo_i/mem_reg_0_15_0_5_i_1/O
                         net (fo=24, routed)          0.624     9.072    fifo_i/mem_reg_0_15_0_5/WE
    SLICE_X6Y62          RAMD32                                       r  fifo_i/mem_reg_0_15_0_5/RAMA_D1/WE
  -------------------------------------------------------------------    -------------------

                         (clock sys_clk rise edge)   10.000    10.000 r  
    E15                                               0.000    10.000 r  clk (IN)
                         net (fo=0)                   0.000    10.000    clk
    E15                  IBUF (Prop_ibuf_I_O)         0.831    10.831 r  clk_IBUF_inst/O
                         net (fo=1, routed)           1.911    12.742    clk_IBUF
    BUFGCTRL_X0Y16       BUFG (Prop_bufg_I_O)         0.091    12.833 r  clk_IBUF_BUFG_inst/O
                         net (fo=370, routed)         1.599    14.432    fifo_i/mem_reg_0_15_0_5/WCLK
    SLICE_X6Y62          RAMD32                                       r  fifo_i/mem_reg_0_15_0_5/RAMA_D1/CLK
                         clock pessimism              0.339    14.772    
                         clock uncertainty           -0.035    14.736    
    SLICE_X6Y62          RAMD32 (Setup_ramd32_CLK_WE)
                                                     -0.533    14.203    fifo_i/mem_reg_0_15_0_5/RAMA_D1
  -------------------------------------------------------------------
                         required time                         14.203    
                         arrival time                          -9.072    
  -------------------------------------------------------------------
                         slack                                  5.131    

Slack (MET) :             5.131ns  (required time - arrival time)
  Source:                 sample_generator_i/sample_valid_reg/C
                            (rising edge-triggered cell FDRE clocked by sys_clk  {rise@0.000ns fall@5.000ns period=10.000ns})
  Destination:            fifo_i/mem_reg_0_15_0_5/RAMB/WE
                            (rising edge-triggered cell RAMD32 clocked by sys_clk  {rise@0.000ns fall@5.000ns period=10.000ns})
  Path Group:             sys_clk
  Path Type:              Setup (Max at Slow Process Corner)
  Requirement:            10.000ns  (sys_clk rise@10.000ns - sys_clk rise@0.000ns)
  Data Path Delay:        4.276ns  (logic 0.704ns (16.463%)  route 3.572ns (83.537%))
  Logic Levels:           2  (LUT2=1 LUT6=1)
  Clock Path Skew:        -0.024ns (DCD - SCD + CPR)
    Destination Clock Delay (DCD):    4.432ns = ( 14.432 - 10.000 ) 
    Source Clock Delay      (SCD):    4.796ns
    Clock Pessimism Removal (CPR):    0.339ns
  Clock Uncertainty:      0.035ns  ((TSJ^2 + TIJ^2)^1/2 + DJ) / 2 + PE
    Total System Jitter     (TSJ):    0.071ns
    Total Input Jitter      (TIJ):    0.000ns
    Discrete Jitter          (DJ):    0.000ns
    Phase Error              (PE):    0.000ns

    Location             Delay type                Incr(ns)  Path(ns)    Netlist Resource(s)
  -------------------------------------------------------------------    -------------------
                         (clock sys_clk rise edge)    0.000     0.000 r  
    E15                                               0.000     0.000 r  clk (IN)
                         net (fo=0)                   0.000     0.000    clk
    E15                  IBUF (Prop_ibuf_I_O)         0.965     0.965 r  clk_IBUF_inst/O
                         net (fo=1, routed)           2.016     2.980    clk_IBUF
    BUFGCTRL_X0Y16       BUFG (Prop_bufg_I_O)         0.096     3.076 r  clk_IBUF_BUFG_inst/O
                         net (fo=370, routed)         1.719     4.796    sample_generator_i/CLK
    SLICE_X5Y64          FDRE                                         r  sample_generator_i/sample_valid_reg/C
  -------------------------------------------------------------------    -------------------
    SLICE_X5Y64          FDRE (Prop_fdre_C_Q)         0.456     5.252 r  sample_generator_i/sample_valid_reg/Q
                         net (fo=26, routed)          1.426     6.678    fifo_i/sample_valid_OBUF
    SLICE_X1Y55          LUT6 (Prop_lut6_I5_O)        0.124     6.802 r  fifo_i/wr_ptr[3]_i_1/O
                         net (fo=55, routed)          1.522     8.323    fifo_i/p_0_in[0]
    SLICE_X5Y64          LUT2 (Prop_lut2_I0_O)        0.124     8.447 r  fifo_i/mem_reg_0_15_0_5_i_1/O
                         net (fo=24, routed)          0.624     9.072    fifo_i/mem_reg_0_15_0_5/WE
    SLICE_X6Y62          RAMD32                                       r  fifo_i/mem_reg_0_15_0_5/RAMB/WE
  -------------------------------------------------------------------    -------------------

                         (clock sys_clk rise edge)   10.000    10.000 r  
    E15                                               0.000    10.000 r  clk (IN)
                         net (fo=0)                   0.000    10.000    clk
    E15                  IBUF (Prop_ibuf_I_O)         0.831    10.831 r  clk_IBUF_inst/O
                         net (fo=1, routed)           1.911    12.742    clk_IBUF
    BUFGCTRL_X0Y16       BUFG (Prop_bufg_I_O)         0.091    12.833 r  clk_IBUF_BUFG_inst/O
                         net (fo=370, routed)         1.599    14.432    fifo_i/mem_reg_0_15_0_5/WCLK
    SLICE_X6Y62          RAMD32                                       r  fifo_i/mem_reg_0_15_0_5/RAMB/CLK
                         clock pessimism              0.339    14.772    
                         clock uncertainty           -0.035    14.736    
    SLICE_X6Y62          RAMD32 (Setup_ramd32_CLK_WE)
                                                     -0.533    14.203    fifo_i/mem_reg_0_15_0_5/RAMB
  -------------------------------------------------------------------
                         required time                         14.203    
                         arrival time                          -9.072    
  -------------------------------------------------------------------
                         slack                                  5.131    

Slack (MET) :             5.131ns  (required time - arrival time)
  Source:                 sample_generator_i/sample_valid_reg/C
                            (rising edge-triggered cell FDRE clocked by sys_clk  {rise@0.000ns fall@5.000ns period=10.000ns})
  Destination:            fifo_i/mem_reg_0_15_0_5/RAMB_D1/WE
                            (rising edge-triggered cell RAMD32 clocked by sys_clk  {rise@0.000ns fall@5.000ns period=10.000ns})
  Path Group:             sys_clk
  Path Type:              Setup (Max at Slow Process Corner)
  Requirement:            10.000ns  (sys_clk rise@10.000ns - sys_clk rise@0.000ns)
  Data Path Delay:        4.276ns  (logic 0.704ns (16.463%)  route 3.572ns (83.537%))
  Logic Levels:           2  (LUT2=1 LUT6=1)
  Clock Path Skew:        -0.024ns (DCD - SCD + CPR)
    Destination Clock Delay (DCD):    4.432ns = ( 14.432 - 10.000 ) 
    Source Clock Delay      (SCD):    4.796ns
    Clock Pessimism Removal (CPR):    0.339ns
  Clock Uncertainty:      0.035ns  ((TSJ^2 + TIJ^2)^1/2 + DJ) / 2 + PE
    Total System Jitter     (TSJ):    0.071ns
    Total Input Jitter      (TIJ):    0.000ns
    Discrete Jitter          (DJ):    0.000ns
    Phase Error              (PE):    0.000ns

    Location             Delay type                Incr(ns)  Path(ns)    Netlist Resource(s)
  -------------------------------------------------------------------    -------------------
                         (clock sys_clk rise edge)    0.000     0.000 r  
    E15                                               0.000     0.000 r  clk (IN)
                         net (fo=0)                   0.000     0.000    clk
    E15                  IBUF (Prop_ibuf_I_O)         0.965     0.965 r  clk_IBUF_inst/O
                         net (fo=1, routed)           2.016     2.980    clk_IBUF
    BUFGCTRL_X0Y16       BUFG (Prop_bufg_I_O)         0.096     3.076 r  clk_IBUF_BUFG_inst/O
                         net (fo=370, routed)         1.719     4.796    sample_generator_i/CLK
    SLICE_X5Y64          FDRE                                         r  sample_generator_i/sample_valid_reg/C
  -------------------------------------------------------------------    -------------------
    SLICE_X5Y64          FDRE (Prop_fdre_C_Q)         0.456     5.252 r  sample_generator_i/sample_valid_reg/Q
                         net (fo=26, routed)          1.426     6.678    fifo_i/sample_valid_OBUF
    SLICE_X1Y55          LUT6 (Prop_lut6_I5_O)        0.124     6.802 r  fifo_i/wr_ptr[3]_i_1/O
                         net (fo=55, routed)          1.522     8.323    fifo_i/p_0_in[0]
    SLICE_X5Y64          LUT2 (Prop_lut2_I0_O)        0.124     8.447 r  fifo_i/mem_reg_0_15_0_5_i_1/O
                         net (fo=24, routed)          0.624     9.072    fifo_i/mem_reg_0_15_0_5/WE
    SLICE_X6Y62          RAMD32                                       r  fifo_i/mem_reg_0_15_0_5/RAMB_D1/WE
  -------------------------------------------------------------------    -------------------

                         (clock sys_clk rise edge)   10.000    10.000 r  
    E15                                               0.000    10.000 r  clk (IN)
                         net (fo=0)                   0.000    10.000    clk
    E15                  IBUF (Prop_ibuf_I_O)         0.831    10.831 r  clk_IBUF_inst/O
                         net (fo=1, routed)           1.911    12.742    clk_IBUF
    BUFGCTRL_X0Y16       BUFG (Prop_bufg_I_O)         0.091    12.833 r  clk_IBUF_BUFG_inst/O
                         net (fo=370, routed)         1.599    14.432    fifo_i/mem_reg_0_15_0_5/WCLK
    SLICE_X6Y62          RAMD32                                       r  fifo_i/mem_reg_0_15_0_5/RAMB_D1/CLK
                         clock pessimism              0.339    14.772    
                         clock uncertainty           -0.035    14.736    
    SLICE_X6Y62          RAMD32 (Setup_ramd32_CLK_WE)
                                                     -0.533    14.203    fifo_i/mem_reg_0_15_0_5/RAMB_D1
  -------------------------------------------------------------------
                         required time                         14.203    
                         arrival time                          -9.072    
  -------------------------------------------------------------------
                         slack                                  5.131    

Slack (MET) :             5.131ns  (required time - arrival time)
  Source:                 sample_generator_i/sample_valid_reg/C
                            (rising edge-triggered cell FDRE clocked by sys_clk  {rise@0.000ns fall@5.000ns period=10.000ns})
  Destination:            fifo_i/mem_reg_0_15_0_5/RAMC/WE
                            (rising edge-triggered cell RAMD32 clocked by sys_clk  {rise@0.000ns fall@5.000ns period=10.000ns})
  Path Group:             sys_clk
  Path Type:              Setup (Max at Slow Process Corner)
  Requirement:            10.000ns  (sys_clk rise@10.000ns - sys_clk rise@0.000ns)
  Data Path Delay:        4.276ns  (logic 0.704ns (16.463%)  route 3.572ns (83.537%))
  Logic Levels:           2  (LUT2=1 LUT6=1)
  Clock Path Skew:        -0.024ns (DCD - SCD + CPR)
    Destination Clock Delay (DCD):    4.432ns = ( 14.432 - 10.000 ) 
    Source Clock Delay      (SCD):    4.796ns
    Clock Pessimism Removal (CPR):    0.339ns
  Clock Uncertainty:      0.035ns  ((TSJ^2 + TIJ^2)^1/2 + DJ) / 2 + PE
    Total System Jitter     (TSJ):    0.071ns
    Total Input Jitter      (TIJ):    0.000ns
    Discrete Jitter          (DJ):    0.000ns
    Phase Error              (PE):    0.000ns

    Location             Delay type                Incr(ns)  Path(ns)    Netlist Resource(s)
  -------------------------------------------------------------------    -------------------
                         (clock sys_clk rise edge)    0.000     0.000 r  
    E15                                               0.000     0.000 r  clk (IN)
                         net (fo=0)                   0.000     0.000    clk
    E15                  IBUF (Prop_ibuf_I_O)         0.965     0.965 r  clk_IBUF_inst/O
                         net (fo=1, routed)           2.016     2.980    clk_IBUF
    BUFGCTRL_X0Y16       BUFG (Prop_bufg_I_O)         0.096     3.076 r  clk_IBUF_BUFG_inst/O
                         net (fo=370, routed)         1.719     4.796    sample_generator_i/CLK
    SLICE_X5Y64          FDRE                                         r  sample_generator_i/sample_valid_reg/C
  -------------------------------------------------------------------    -------------------
    SLICE_X5Y64          FDRE (Prop_fdre_C_Q)         0.456     5.252 r  sample_generator_i/sample_valid_reg/Q
                         net (fo=26, routed)          1.426     6.678    fifo_i/sample_valid_OBUF
    SLICE_X1Y55          LUT6 (Prop_lut6_I5_O)        0.124     6.802 r  fifo_i/wr_ptr[3]_i_1/O
                         net (fo=55, routed)          1.522     8.323    fifo_i/p_0_in[0]
    SLICE_X5Y64          LUT2 (Prop_lut2_I0_O)        0.124     8.447 r  fifo_i/mem_reg_0_15_0_5_i_1/O
                         net (fo=24, routed)          0.624     9.072    fifo_i/mem_reg_0_15_0_5/WE
    SLICE_X6Y62          RAMD32                                       r  fifo_i/mem_reg_0_15_0_5/RAMC/WE
  -------------------------------------------------------------------    -------------------

                         (clock sys_clk rise edge)   10.000    10.000 r  
    E15                                               0.000    10.000 r  clk (IN)
                         net (fo=0)                   0.000    10.000    clk
    E15                  IBUF (Prop_ibuf_I_O)         0.831    10.831 r  clk_IBUF_inst/O
                         net (fo=1, routed)           1.911    12.742    clk_IBUF
    BUFGCTRL_X0Y16       BUFG (Prop_bufg_I_O)         0.091    12.833 r  clk_IBUF_BUFG_inst/O
                         net (fo=370, routed)         1.599    14.432    fifo_i/mem_reg_0_15_0_5/WCLK
    SLICE_X6Y62          RAMD32                                       r  fifo_i/mem_reg_0_15_0_5/RAMC/CLK
                         clock pessimism              0.339    14.772    
                         clock uncertainty           -0.035    14.736    
    SLICE_X6Y62          RAMD32 (Setup_ramd32_CLK_WE)
                                                     -0.533    14.203    fifo_i/mem_reg_0_15_0_5/RAMC
  -------------------------------------------------------------------
                         required time                         14.203    
                         arrival time                          -9.072    
  -------------------------------------------------------------------
                         slack                                  5.131    

Slack (MET) :             5.131ns  (required time - arrival time)
  Source:                 sample_generator_i/sample_valid_reg/C
                            (rising edge-triggered cell FDRE clocked by sys_clk  {rise@0.000ns fall@5.000ns period=10.000ns})
  Destination:            fifo_i/mem_reg_0_15_0_5/RAMC_D1/WE
                            (rising edge-triggered cell RAMD32 clocked by sys_clk  {rise@0.000ns fall@5.000ns period=10.000ns})
  Path Group:             sys_clk
  Path Type:              Setup (Max at Slow Process Corner)
  Requirement:            10.000ns  (sys_clk rise@10.000ns - sys_clk rise@0.000ns)
  Data Path Delay:        4.276ns  (logic 0.704ns (16.463%)  route 3.572ns (83.537%))
  Logic Levels:           2  (LUT2=1 LUT6=1)
  Clock Path Skew:        -0.024ns (DCD - SCD + CPR)
    Destination Clock Delay (DCD):    4.432ns = ( 14.432 - 10.000 ) 
    Source Clock Delay      (SCD):    4.796ns
    Clock Pessimism Removal (CPR):    0.339ns
  Clock Uncertainty:      0.035ns  ((TSJ^2 + TIJ^2)^1/2 + DJ) / 2 + PE
    Total System Jitter     (TSJ):    0.071ns
    Total Input Jitter      (TIJ):    0.000ns
    Discrete Jitter          (DJ):    0.000ns
    Phase Error              (PE):    0.000ns

    Location             Delay type                Incr(ns)  Path(ns)    Netlist Resource(s)
  -------------------------------------------------------------------    -------------------
                         (clock sys_clk rise edge)    0.000     0.000 r  
    E15                                               0.000     0.000 r  clk (IN)
                         net (fo=0)                   0.000     0.000    clk
    E15                  IBUF (Prop_ibuf_I_O)         0.965     0.965 r  clk_IBUF_inst/O
                         net (fo=1, routed)           2.016     2.980    clk_IBUF
    BUFGCTRL_X0Y16       BUFG (Prop_bufg_I_O)         0.096     3.076 r  clk_IBUF_BUFG_inst/O
                         net (fo=370, routed)         1.719     4.796    sample_generator_i/CLK
    SLICE_X5Y64          FDRE                                         r  sample_generator_i/sample_valid_reg/C
  -------------------------------------------------------------------    -------------------
    SLICE_X5Y64          FDRE (Prop_fdre_C_Q)         0.456     5.252 r  sample_generator_i/sample_valid_reg/Q
                         net (fo=26, routed)          1.426     6.678    fifo_i/sample_valid_OBUF
    SLICE_X1Y55          LUT6 (Prop_lut6_I5_O)        0.124     6.802 r  fifo_i/wr_ptr[3]_i_1/O
                         net (fo=55, routed)          1.522     8.323    fifo_i/p_0_in[0]
    SLICE_X5Y64          LUT2 (Prop_lut2_I0_O)        0.124     8.447 r  fifo_i/mem_reg_0_15_0_5_i_1/O
                         net (fo=24, routed)          0.624     9.072    fifo_i/mem_reg_0_15_0_5/WE
    SLICE_X6Y62          RAMD32                                       r  fifo_i/mem_reg_0_15_0_5/RAMC_D1/WE
  -------------------------------------------------------------------    -------------------

                         (clock sys_clk rise edge)   10.000    10.000 r  
    E15                                               0.000    10.000 r  clk (IN)
                         net (fo=0)                   0.000    10.000    clk
    E15                  IBUF (Prop_ibuf_I_O)         0.831    10.831 r  clk_IBUF_inst/O
                         net (fo=1, routed)           1.911    12.742    clk_IBUF
    BUFGCTRL_X0Y16       BUFG (Prop_bufg_I_O)         0.091    12.833 r  clk_IBUF_BUFG_inst/O
                         net (fo=370, routed)         1.599    14.432    fifo_i/mem_reg_0_15_0_5/WCLK
    SLICE_X6Y62          RAMD32                                       r  fifo_i/mem_reg_0_15_0_5/RAMC_D1/CLK
                         clock pessimism              0.339    14.772    
                         clock uncertainty           -0.035    14.736    
    SLICE_X6Y62          RAMD32 (Setup_ramd32_CLK_WE)
                                                     -0.533    14.203    fifo_i/mem_reg_0_15_0_5/RAMC_D1
  -------------------------------------------------------------------
                         required time                         14.203    
                         arrival time                          -9.072    
  -------------------------------------------------------------------
                         slack                                  5.131    

Slack (MET) :             5.131ns  (required time - arrival time)
  Source:                 sample_generator_i/sample_valid_reg/C
                            (rising edge-triggered cell FDRE clocked by sys_clk  {rise@0.000ns fall@5.000ns period=10.000ns})
  Destination:            fifo_i/mem_reg_0_15_0_5/RAMD/WE
                            (rising edge-triggered cell RAMS32 clocked by sys_clk  {rise@0.000ns fall@5.000ns period=10.000ns})
  Path Group:             sys_clk
  Path Type:              Setup (Max at Slow Process Corner)
  Requirement:            10.000ns  (sys_clk rise@10.000ns - sys_clk rise@0.000ns)
  Data Path Delay:        4.276ns  (logic 0.704ns (16.463%)  route 3.572ns (83.537%))
  Logic Levels:           2  (LUT2=1 LUT6=1)
  Clock Path Skew:        -0.024ns (DCD - SCD + CPR)
    Destination Clock Delay (DCD):    4.432ns = ( 14.432 - 10.000 ) 
    Source Clock Delay      (SCD):    4.796ns
    Clock Pessimism Removal (CPR):    0.339ns
  Clock Uncertainty:      0.035ns  ((TSJ^2 + TIJ^2)^1/2 + DJ) / 2 + PE
    Total System Jitter     (TSJ):    0.071ns
    Total Input Jitter      (TIJ):    0.000ns
    Discrete Jitter          (DJ):    0.000ns
    Phase Error              (PE):    0.000ns

    Location             Delay type                Incr(ns)  Path(ns)    Netlist Resource(s)
  -------------------------------------------------------------------    -------------------
                         (clock sys_clk rise edge)    0.000     0.000 r  
    E15                                               0.000     0.000 r  clk (IN)
                         net (fo=0)                   0.000     0.000    clk
    E15                  IBUF (Prop_ibuf_I_O)         0.965     0.965 r  clk_IBUF_inst/O
                         net (fo=1, routed)           2.016     2.980    clk_IBUF
    BUFGCTRL_X0Y16       BUFG (Prop_bufg_I_O)         0.096     3.076 r  clk_IBUF_BUFG_inst/O
                         net (fo=370, routed)         1.719     4.796    sample_generator_i/CLK
    SLICE_X5Y64          FDRE                                         r  sample_generator_i/sample_valid_reg/C
  -------------------------------------------------------------------    -------------------
    SLICE_X5Y64          FDRE (Prop_fdre_C_Q)         0.456     5.252 r  sample_generator_i/sample_valid_reg/Q
                         net (fo=26, routed)          1.426     6.678    fifo_i/sample_valid_OBUF
    SLICE_X1Y55          LUT6 (Prop_lut6_I5_O)        0.124     6.802 r  fifo_i/wr_ptr[3]_i_1/O
                         net (fo=55, routed)          1.522     8.323    fifo_i/p_0_in[0]
    SLICE_X5Y64          LUT2 (Prop_lut2_I0_O)        0.124     8.447 r  fifo_i/mem_reg_0_15_0_5_i_1/O
                         net (fo=24, routed)          0.624     9.072    fifo_i/mem_reg_0_15_0_5/WE
    SLICE_X6Y62          RAMS32                                       r  fifo_i/mem_reg_0_15_0_5/RAMD/WE
  -------------------------------------------------------------------    -------------------

                         (clock sys_clk rise edge)   10.000    10.000 r  
    E15                                               0.000    10.000 r  clk (IN)
                         net (fo=0)                   0.000    10.000    clk
    E15                  IBUF (Prop_ibuf_I_O)         0.831    10.831 r  clk_IBUF_inst/O
                         net (fo=1, routed)           1.911    12.742    clk_IBUF
    BUFGCTRL_X0Y16       BUFG (Prop_bufg_I_O)         0.091    12.833 r  clk_IBUF_BUFG_inst/O
                         net (fo=370, routed)         1.599    14.432    fifo_i/mem_reg_0_15_0_5/WCLK
    SLICE_X6Y62          RAMS32                                       r  fifo_i/mem_reg_0_15_0_5/RAMD/CLK
                         clock pessimism              0.339    14.772    
                         clock uncertainty           -0.035    14.736    
    SLICE_X6Y62          RAMS32 (Setup_rams32_CLK_WE)
                                                     -0.533    14.203    fifo_i/mem_reg_0_15_0_5/RAMD
  -------------------------------------------------------------------
                         required time                         14.203    
                         arrival time                          -9.072    
  -------------------------------------------------------------------
                         slack                                  5.131    




