Copyright 1986-2017 Xilinx, Inc. All Rights Reserved.
-------------------------------------------------------------------------------------------------------------------------------
| Tool Version : Vivado v.2017.4 (win64) Build 2086221 Fri Dec 15 20:55:39 MST 2017
| Date         : Mon Sep 14 16:26:22 2026
| Host         : lvlv_ running 64-bit major release  (build 9200)
| Command      : report_timing_summary -delay_type min_max -file D:/mywork/fpga-udp-daq/vivado/reports/timing_summary_impl.rpt
| Design       : daq_top
| Device       : 7a100t-csg324
| Speed File   : -1  PRODUCTION 1.20 2017-11-01
-------------------------------------------------------------------------------------------------------------------------------

Timing Summary Report

------------------------------------------------------------------------------------------------
| Timer Settings
| --------------
------------------------------------------------------------------------------------------------

  Enable Multi Corner Analysis               :  Yes
  Enable Pessimism Removal                   :  Yes
  Pessimism Removal Resolution               :  Nearest Common Node
  Enable Input Delay Default Clock           :  No
  Enable Preset / Clear Arcs                 :  No
  Disable Flight Delays                      :  No
  Ignore I/O Paths                           :  No
  Timing Early Launch at Borrowing Latches   :  false

  Corner  Analyze    Analyze    
  Name    Max Paths  Min Paths  
  ------  ---------  ---------  
  Slow    Yes        Yes        
  Fast    Yes        Yes        



check_timing report

Table of Contents
-----------------
1. checking no_clock
2. checking constant_clock
3. checking pulse_width_clock
4. checking unconstrained_internal_endpoints
5. checking no_input_delay
6. checking no_output_delay
7. checking multiple_clock
8. checking generated_clocks
9. checking loops
10. checking partial_input_delay
11. checking partial_output_delay
12. checking latch_loops

1. checking no_clock
--------------------
 There are 0 register/latch pins with no clock.


2. checking constant_clock
--------------------------
 There are 0 register/latch pins with constant_clock.


3. checking pulse_width_clock
-----------------------------
 There are 0 register/latch pins which need pulse_width check


4. checking unconstrained_internal_endpoints
--------------------------------------------
 There are 0 pins that are not constrained for maximum delay.

 There are 0 pins that are not constrained for maximum delay due to constant clock.


5. checking no_input_delay
--------------------------
 There are 30 input ports with no input delay specified. (HIGH)

 There are 0 input ports with no input delay but user has a false path constraint.


6. checking no_output_delay
---------------------------
 There are 78 ports with no output delay specified. (HIGH)

 There are 0 ports with no output delay but user has a false path constraint

 There are 0 ports with no output delay but with a timing clock defined on it or propagating through it


7. checking multiple_clock
--------------------------
 There are 0 register/latch pins with multiple clocks.


8. checking generated_clocks
----------------------------
 There are 0 generated clocks that are not connected to a clock source.


9. checking loops
-----------------
 There are 0 combinational loops in the design.


10. checking partial_input_delay
--------------------------------
 There are 0 input ports with partial input delay specified.


11. checking partial_output_delay
---------------------------------
 There are 0 ports with partial output delay specified.


12. checking latch_loops
------------------------
 There are 0 combinational latch loops in the design through latch input



------------------------------------------------------------------------------------------------
| Design Timing Summary
| ---------------------
------------------------------------------------------------------------------------------------

    WNS(ns)      TNS(ns)  TNS Failing Endpoints  TNS Total Endpoints      WHS(ns)      THS(ns)  THS Failing Endpoints  THS Total Endpoints     WPWS(ns)     TPWS(ns)  TPWS Failing Endpoints  TPWS Total Endpoints  
    -------      -------  ---------------------  -------------------      -------      -------  ---------------------  -------------------     --------     --------  ----------------------  --------------------  
      4.893        0.000                      0                  690        0.081        0.000                      0                  690        3.750        0.000                       0                   371  


All user specified timing constraints are met.


------------------------------------------------------------------------------------------------
| Clock Summary
| -------------
------------------------------------------------------------------------------------------------

Clock    Waveform(ns)       Period(ns)      Frequency(MHz)
-----    ------------       ----------      --------------
sys_clk  {0.000 5.000}      10.000          100.000         


------------------------------------------------------------------------------------------------
| Intra Clock Table
| -----------------
------------------------------------------------------------------------------------------------

Clock             WNS(ns)      TNS(ns)  TNS Failing Endpoints  TNS Total Endpoints      WHS(ns)      THS(ns)  THS Failing Endpoints  THS Total Endpoints     WPWS(ns)     TPWS(ns)  TPWS Failing Endpoints  TPWS Total Endpoints  
-----             -------      -------  ---------------------  -------------------      -------      -------  ---------------------  -------------------     --------     --------  ----------------------  --------------------  
sys_clk             4.893        0.000                      0                  690        0.081        0.000                      0                  690        3.750        0.000                       0                   371  


------------------------------------------------------------------------------------------------
| Inter Clock Table
| -----------------
------------------------------------------------------------------------------------------------

From Clock    To Clock          WNS(ns)      TNS(ns)  TNS Failing Endpoints  TNS Total Endpoints      WHS(ns)      THS(ns)  THS Failing Endpoints  THS Total Endpoints  
----------    --------          -------      -------  ---------------------  -------------------      -------      -------  ---------------------  -------------------  


------------------------------------------------------------------------------------------------
| Other Path Groups Table
| -----------------------
------------------------------------------------------------------------------------------------

Path Group    From Clock    To Clock          WNS(ns)      TNS(ns)  TNS Failing Endpoints  TNS Total Endpoints      WHS(ns)      THS(ns)  THS Failing Endpoints  THS Total Endpoints  
----------    ----------    --------          -------      -------  ---------------------  -------------------      -------      -------  ---------------------  -------------------  


------------------------------------------------------------------------------------------------
| Timing Details
| --------------
------------------------------------------------------------------------------------------------


---------------------------------------------------------------------------------------------------
From Clock:  sys_clk
  To Clock:  sys_clk

Setup :            0  Failing Endpoints,  Worst Slack        4.893ns,  Total Violation        0.000ns
Hold  :            0  Failing Endpoints,  Worst Slack        0.081ns,  Total Violation        0.000ns
PW    :            0  Failing Endpoints,  Worst Slack        3.750ns,  Total Violation        0.000ns
---------------------------------------------------------------------------------------------------


Max Delay Paths
--------------------------------------------------------------------------------------
Slack (MET) :             4.893ns  (required time - arrival time)
  Source:                 packetizer_i/packet_length_reg[6]/C
                            (rising edge-triggered cell FDRE clocked by sys_clk  {rise@0.000ns fall@5.000ns period=10.000ns})
  Destination:            packetizer_i/payload_last_reg/D
                            (rising edge-triggered cell FDRE clocked by sys_clk  {rise@0.000ns fall@5.000ns period=10.000ns})
  Path Group:             sys_clk
  Path Type:              Setup (Max at Slow Process Corner)
  Requirement:            10.000ns  (sys_clk rise@10.000ns - sys_clk rise@0.000ns)
  Data Path Delay:        5.077ns  (logic 2.805ns (55.253%)  route 2.272ns (44.747%))
  Logic Levels:           7  (CARRY4=4 LUT1=1 LUT4=1 LUT6=1)
  Clock Path Skew:        -0.026ns (DCD - SCD + CPR)
    Destination Clock Delay (DCD):    4.433ns = ( 14.433 - 10.000 ) 
    Source Clock Delay      (SCD):    4.799ns
    Clock Pessimism Removal (CPR):    0.339ns
  Clock Uncertainty:      0.035ns  ((TSJ^2 + TIJ^2)^1/2 + DJ) / 2 + PE
    Total System Jitter     (TSJ):    0.071ns
    Total Input Jitter      (TIJ):    0.000ns
    Discrete Jitter          (DJ):    0.000ns
    Phase Error              (PE):    0.000ns

    Location             Delay type                Incr(ns)  Path(ns)    Netlist Resource(s)
  -------------------------------------------------------------------    -------------------
                         (clock sys_clk rise edge)    0.000     0.000 r  
    E15                                               0.000     0.000 r  clk (IN)
                         net (fo=0)                   0.000     0.000    clk
    E15                  IBUF (Prop_ibuf_I_O)         0.965     0.965 r  clk_IBUF_inst/O
                         net (fo=1, routed)           2.016     2.980    clk_IBUF
    BUFGCTRL_X0Y16       BUFG (Prop_bufg_I_O)         0.096     3.076 r  clk_IBUF_BUFG_inst/O
                         net (fo=370, routed)         1.722     4.799    packetizer_i/CLK
    SLICE_X4Y60          FDRE                                         r  packetizer_i/packet_length_reg[6]/C
  -------------------------------------------------------------------    -------------------
    SLICE_X4Y60          FDRE (Prop_fdre_C_Q)         0.419     5.218 f  packetizer_i/packet_length_reg[6]/Q
                         net (fo=2, routed)           0.972     6.189    packetizer_i/packet_length[6]
    SLICE_X4Y57          LUT1 (Prop_lut1_I0_O)        0.299     6.488 r  packetizer_i/payload_last1_carry__0_i_3/O
                         net (fo=1, routed)           0.000     6.488    packetizer_i/payload_last1_carry__0_i_3_n_0
    SLICE_X4Y57          CARRY4 (Prop_carry4_S[1]_CO[3])
                                                      0.550     7.038 r  packetizer_i/payload_last1_carry__0/CO[3]
                         net (fo=1, routed)           0.000     7.038    packetizer_i/payload_last1_carry__0_n_0
    SLICE_X4Y58          CARRY4 (Prop_carry4_CI_CO[3])
                                                      0.114     7.152 r  packetizer_i/payload_last1_carry__1/CO[3]
                         net (fo=1, routed)           0.000     7.152    packetizer_i/payload_last1_carry__1_n_0
    SLICE_X4Y59          CARRY4 (Prop_carry4_CI_O[1])
                                                      0.334     7.486 r  packetizer_i/payload_last1_carry__2/O[1]
                         net (fo=1, routed)           0.814     8.301    packetizer_i/payload_last1[14]
    SLICE_X5Y60          LUT6 (Prop_lut6_I2_O)        0.303     8.604 r  packetizer_i/payload_last0_carry__0_i_2/O
                         net (fo=1, routed)           0.000     8.604    packetizer_i/payload_last0_carry__0_i_2_n_0
    SLICE_X5Y60          CARRY4 (Prop_carry4_S[0]_CO[1])
                                                      0.457     9.061 r  packetizer_i/payload_last0_carry__0/CO[1]
                         net (fo=1, routed)           0.485     9.546    packetizer_i/payload_last0_carry__0_n_2
    SLICE_X5Y61          LUT4 (Prop_lut4_I0_O)        0.329     9.875 r  packetizer_i/payload_last_i_1/O
                         net (fo=1, routed)           0.000     9.875    packetizer_i/payload_last_i_1_n_0
    SLICE_X5Y61          FDRE                                         r  packetizer_i/payload_last_reg/D
  -------------------------------------------------------------------    -------------------

                         (clock sys_clk rise edge)   10.000    10.000 r  
    E15                                               0.000    10.000 r  clk (IN)
                         net (fo=0)                   0.000    10.000    clk
    E15                  IBUF (Prop_ibuf_I_O)         0.831    10.831 r  clk_IBUF_inst/O
                         net (fo=1, routed)           1.911    12.742    clk_IBUF
    BUFGCTRL_X0Y16       BUFG (Prop_bufg_I_O)         0.091    12.833 r  clk_IBUF_BUFG_inst/O
                         net (fo=370, routed)         1.600    14.433    packetizer_i/CLK
    SLICE_X5Y61          FDRE                                         r  packetizer_i/payload_last_reg/C
                         clock pessimism              0.339    14.773    
                         clock uncertainty           -0.035    14.737    
    SLICE_X5Y61          FDRE (Setup_fdre_C_D)        0.031    14.768    packetizer_i/payload_last_reg
  -------------------------------------------------------------------
                         required time                         14.768    
                         arrival time                          -9.875    
  -------------------------------------------------------------------
                         slack                                  4.893    





Min Delay Paths
--------------------------------------------------------------------------------------
Slack (MET) :             0.081ns  (arrival time - required time)
  Source:                 sample_generator_i/sample_data_reg[8]/C
                            (rising edge-triggered cell FDRE clocked by sys_clk  {rise@0.000ns fall@5.000ns period=10.000ns})
  Destination:            fifo_i/mem_reg_0_15_6_11/RAMB/I
                            (rising edge-triggered cell RAMD32 clocked by sys_clk  {rise@0.000ns fall@5.000ns period=10.000ns})
  Path Group:             sys_clk
  Path Type:              Hold (Min at Fast Process Corner)
  Requirement:            0.000ns  (sys_clk rise@0.000ns - sys_clk rise@0.000ns)
  Data Path Delay:        0.187ns  (logic 0.128ns (68.470%)  route 0.059ns (31.530%))
  Logic Levels:           0  
  Clock Path Skew:        0.013ns (DCD - SCD - CPR)
    Destination Clock Delay (DCD):    1.978ns
    Source Clock Delay      (SCD):    1.460ns
    Clock Pessimism Removal (CPR):    0.504ns

    Location             Delay type                Incr(ns)  Path(ns)    Netlist Resource(s)
  -------------------------------------------------------------------    -------------------
                         (clock sys_clk rise edge)    0.000     0.000 r  
    E15                                               0.000     0.000 r  clk (IN)
                         net (fo=0)                   0.000     0.000    clk
    E15                  IBUF (Prop_ibuf_I_O)         0.193     0.193 r  clk_IBUF_inst/O
                         net (fo=1, routed)           0.640     0.834    clk_IBUF
    BUFGCTRL_X0Y16       BUFG (Prop_bufg_I_O)         0.026     0.860 r  clk_IBUF_BUFG_inst/O
                         net (fo=370, routed)         0.601     1.460    sample_generator_i/CLK
    SLICE_X7Y61          FDRE                                         r  sample_generator_i/sample_data_reg[8]/C
  -------------------------------------------------------------------    -------------------
    SLICE_X7Y61          FDRE (Prop_fdre_C_Q)         0.128     1.588 r  sample_generator_i/sample_data_reg[8]/Q
                         net (fo=1, routed)           0.059     1.647    fifo_i/mem_reg_0_15_6_11/DIB0
    SLICE_X6Y61          RAMD32                                       r  fifo_i/mem_reg_0_15_6_11/RAMB/I
  -------------------------------------------------------------------    -------------------

                         (clock sys_clk rise edge)    0.000     0.000 r  
    E15                                               0.000     0.000 r  clk (IN)
                         net (fo=0)                   0.000     0.000    clk
    E15                  IBUF (Prop_ibuf_I_O)         0.382     0.382 r  clk_IBUF_inst/O
                         net (fo=1, routed)           0.695     1.077    clk_IBUF
    BUFGCTRL_X0Y16       BUFG (Prop_bufg_I_O)         0.029     1.106 r  clk_IBUF_BUFG_inst/O
                         net (fo=370, routed)         0.872     1.978    fifo_i/mem_reg_0_15_6_11/WCLK
    SLICE_X6Y61          RAMD32                                       r  fifo_i/mem_reg_0_15_6_11/RAMB/CLK
                         clock pessimism             -0.504     1.473    
    SLICE_X6Y61          RAMD32 (Hold_ramd32_CLK_I)
                                                      0.093     1.566    fifo_i/mem_reg_0_15_6_11/RAMB
  -------------------------------------------------------------------
                         required time                         -1.566    
                         arrival time                           1.647    
  -------------------------------------------------------------------
                         slack                                  0.081    





Pulse Width Checks
--------------------------------------------------------------------------------------
Clock Name:         sys_clk
Waveform(ns):       { 0.000 5.000 }
Period(ns):         10.000
Sources:            { clk }

Check Type        Corner  Lib Pin     Reference Pin  Required(ns)  Actual(ns)  Slack(ns)  Location        Pin
Min Period        n/a     BUFG/I      n/a            2.155         10.000      7.845      BUFGCTRL_X0Y16  clk_IBUF_BUFG_inst/I
Low Pulse Width   Slow    RAMD32/CLK  n/a            1.250         5.000       3.750      SLICE_X6Y62     fifo_i/mem_reg_0_15_0_5/RAMB/CLK
High Pulse Width  Fast    RAMD32/CLK  n/a            1.250         5.000       3.750      SLICE_X6Y62     fifo_i/mem_reg_0_15_0_5/RAMB/CLK



