Copyright 1986-2017 Xilinx, Inc. All Rights Reserved.
--------------------------------------------------------------------------------------------------------------------
| Tool Version : Vivado v.2017.4 (win64) Build 2086221 Fri Dec 15 20:55:39 MST 2017
| Date         : Mon Sep 14 15:53:42 2026
| Host         : lvlv_ running 64-bit major release  (build 9200)
| Command      : report_utilization -hierarchical -file D:/mywork/fpga-udp-daq/vivado/reports/utilization_synth.rpt
| Design       : daq_top
| Device       : 7a100tcsg324-1
| Design State : Synthesized
--------------------------------------------------------------------------------------------------------------------

Utilization Design Information

Table of Contents
-----------------
1. Utilization by Hierarchy

1. Utilization by Hierarchy
---------------------------

+----------------------+------------------+------------+------------+---------+------+-----+--------+--------+--------------+
|       Instance       |      Module      | Total LUTs | Logic LUTs | LUTRAMs | SRLs | FFs | RAMB36 | RAMB18 | DSP48 Blocks |
+----------------------+------------------+------------+------------+---------+------+-----+--------+--------+--------------+
| daq_top              |            (top) |        230 |        218 |      12 |    0 | 329 |      0 |      0 |            0 |
|   (daq_top)          |            (top) |          0 |          0 |       0 |    0 |   0 |      0 |      0 |            0 |
|   ctrl_i             |         daq_ctrl |         90 |         90 |       0 |    0 | 162 |      0 |      0 |            0 |
|   fifo_i             |        sync_fifo |         30 |         18 |      12 |    0 |  29 |      0 |      0 |            0 |
|   packetizer_i       |       packetizer |         86 |         86 |       0 |    0 |  89 |      0 |      0 |            0 |
|   sample_generator_i | sample_generator |         24 |         24 |       0 |    0 |  49 |      0 |      0 |            0 |
+----------------------+------------------+------------+------------+---------+------+-----+--------+--------+--------------+


